\BOOKMARK [1][-]{section.1}{\376\377\000I\000n\000t\000r\000o\000d\000u\000c\000t\000i\000o\000n}{}% 1
\BOOKMARK [1][-]{section.2}{\376\377\000R\000e\000l\000a\000t\000e\000d\000\040\000W\000o\000r\000k}{}% 2
\BOOKMARK [2][-]{subsection.2.1}{\376\377\000K\000n\000o\000w\000l\000e\000d\000g\000e\000\040\000a\000n\000d\000\040\000E\000v\000i\000d\000e\000n\000c\000e\000\040\000C\000o\000n\000f\000l\000i\000c\000t\000s}{section.2}% 3
\BOOKMARK [2][-]{subsection.2.2}{\376\377\000R\000e\000a\000s\000o\000n\000i\000n\000g\000\040\000S\000u\000p\000e\000r\000v\000i\000s\000i\000o\000n\000,\000\040\000M\000u\000l\000t\000i\000-\000H\000o\000p\000\040\000a\000n\000d\000\040\000R\000o\000b\000u\000s\000t\000n\000e\000s\000s\000\040\000i\000n\000\040\000R\000A\000G}{section.2}% 4
\BOOKMARK [2][-]{subsection.2.3}{\376\377\000M\000e\000a\000s\000u\000r\000i\000n\000g\000\040\000T\000r\000u\000s\000t\000,\000\040\000G\000r\000o\000u\000n\000d\000e\000d\000n\000e\000s\000s\000\040\000a\000n\000d\000\040\000C\000o\000n\000f\000l\000i\000c\000t\000\040\000A\000l\000i\000g\000n\000m\000e\000n\000t}{section.2}% 5
\BOOKMARK [1][-]{section.3}{\376\377\000T\000a\000s\000k\000\040\000F\000o\000r\000m\000u\000l\000a\000t\000i\000o\000n\000\040\000a\000n\000d\000\040\000t\000h\000e\000\040\000E\000v\000i\000d\000e\000n\000c\000e\000\040\000T\000r\000a\000c\000e}{}% 6
\BOOKMARK [1][-]{section.4}{\376\377\000D\000a\000t\000a\000s\000e\000t\000\040\000G\000e\000n\000e\000r\000a\000t\000i\000o\000n\000\040\000a\000n\000d\000\040\000V\000a\000l\000i\000d\000a\000t\000i\000o\000n}{}% 7
\BOOKMARK [2][-]{subsection.4.1}{\376\377\000T\000r\000a\000i\000n\000i\000n\000g\000\040\000a\000n\000d\000\040\000v\000a\000l\000i\000d\000a\000t\000i\000o\000n}{section.4}% 8
\BOOKMARK [2][-]{subsection.4.2}{\376\377\000A\000n\000\040\000i\000n\000d\000e\000p\000e\000n\000d\000e\000n\000t\000\040\000b\000e\000n\000c\000h\000m\000a\000r\000k}{section.4}% 9
\BOOKMARK [2][-]{subsection.4.3}{\376\377\000A\000n\000n\000o\000t\000a\000t\000i\000o\000n\000\040\000D\000e\000p\000t\000h\000\040\000\046\000\040\000H\000u\000m\000a\000n\000\040\000R\000e\000v\000i\000e\000w}{section.4}% 10
\BOOKMARK [1][-]{section.5}{\376\377\000T\000r\000a\000c\000e\000-\000S\000u\000p\000e\000r\000v\000i\000s\000e\000d\000\040\000F\000i\000n\000e\000-\000T\000u\000n\000i\000n\000g}{}% 11
\BOOKMARK [2][-]{subsection.5.1}{\376\377\000O\000b\000j\000e\000c\000t\000i\000v\000e\000\040\000a\000n\000d\000\040\000p\000r\000o\000m\000p\000t\000\040\000v\000a\000r\000i\000a\000n\000t\000s}{section.5}% 12
\BOOKMARK [2][-]{subsection.5.2}{\376\377\000F\000i\000n\000e\000-\000t\000u\000n\000i\000n\000g}{section.5}% 13
\BOOKMARK [1][-]{section.6}{\376\377\000C\000A\000T\000S\000:\000\040\000C\000o\000n\000f\000l\000i\000c\000t\000-\000A\000w\000a\000r\000e\000\040\000T\000r\000u\000s\000t\000\040\000S\000c\000o\000r\000e}{}% 14
\BOOKMARK [1][-]{section.7}{\376\377\000E\000x\000p\000e\000r\000i\000m\000e\000n\000t\000a\000l\000\040\000S\000e\000t\000u\000p}{}% 15
\BOOKMARK [2][-]{subsection.7.1}{\376\377\000P\000r\000i\000m\000a\000r\000y\000\040\000e\000v\000a\000l\000u\000a\000t\000i\000o\000n}{section.7}% 16
\BOOKMARK [2][-]{subsection.7.2}{\376\377\000A\000b\000l\000a\000t\000i\000o\000n\000\040\000s\000t\000u\000d\000i\000e\000s}{section.7}% 17
\BOOKMARK [1][-]{section.8}{\376\377\000R\000e\000s\000u\000l\000t\000s}{}% 18
\BOOKMARK [2][-]{subsection.8.1}{\376\377\000R\000e\000f\000u\000s\000a\000l\000\040\000r\000e\000c\000a\000l\000l\000\040\000i\000m\000p\000r\000o\000v\000e\000s\000\040\000s\000u\000b\000s\000t\000a\000n\000t\000i\000a\000l\000l\000y}{section.8}% 19
\BOOKMARK [2][-]{subsection.8.2}{\376\377\000L\000e\000a\000r\000n\000t\000\040\000b\000e\000h\000a\000v\000i\000o\000u\000r\000\040\000i\000s\000\040\000p\000r\000o\000m\000p\000t\000-\000i\000n\000v\000a\000r\000i\000a\000n\000t}{section.8}% 20
\BOOKMARK [2][-]{subsection.8.3}{\376\377\000W\000h\000a\000t\000\040\000t\000r\000a\000c\000e\000\040\000s\000u\000p\000e\000r\000v\000i\000s\000i\000o\000n\000\040\000d\000o\000e\000s\000\040\000n\000o\000t\000\040\000b\000u\000y}{section.8}% 21
\BOOKMARK [2][-]{subsection.8.4}{\376\377\000M\000e\000c\000h\000a\000n\000i\000s\000m\000-\000m\000a\000t\000c\000h\000e\000d\000\040\000o\000r\000a\000c\000l\000e\000\040\000a\000b\000l\000a\000t\000i\000o\000n\000s}{section.8}% 22
\BOOKMARK [2][-]{subsection.8.5}{\376\377\000E\000x\000t\000e\000r\000n\000a\000l\000\040\000p\000r\000o\000m\000p\000t\000i\000n\000g\000\040\000c\000o\000m\000p\000a\000r\000a\000t\000o\000r\000s}{section.8}% 23
\BOOKMARK [2][-]{subsection.8.6}{\376\377\000A\000n\000s\000w\000e\000r\000-\000o\000n\000l\000y\000\040\000s\000u\000p\000e\000r\000v\000i\000s\000i\000o\000n\000\040\000c\000o\000m\000p\000a\000r\000i\000s\000o\000n}{section.8}% 24
\BOOKMARK [1][-]{section.9}{\376\377\000V\000a\000l\000i\000d\000a\000t\000i\000n\000g\000\040\000t\000h\000e\000\040\000E\000v\000a\000l\000u\000a\000t\000o\000r}{}% 25
\BOOKMARK [1][-]{section.10}{\376\377\000C\000o\000n\000c\000l\000u\000s\000i\000o\000n}{}% 26
\BOOKMARK [1][-]{appendix.A}{\376\377\000R\000e\000s\000o\000u\000r\000c\000e\000\040\000C\000o\000n\000s\000t\000r\000u\000c\000t\000i\000o\000n}{}% 27
\BOOKMARK [2][-]{subsection.A.1}{\376\377\000B\000e\000n\000c\000h\000m\000a\000r\000k\000\040\000c\000o\000m\000p\000o\000s\000i\000t\000i\000o\000n\000\040\000b\000y\000\040\000s\000o\000u\000r\000c\000e\000\040\000a\000n\000d\000\040\000t\000r\000a\000c\000k}{appendix.A}% 28
\BOOKMARK [2][-]{subsection.A.2}{\376\377\000T\000r\000a\000i\000n\000i\000n\000g\000\040\000s\000e\000t\000\040\000c\000o\000m\000p\000o\000s\000i\000t\000i\000o\000n}{appendix.A}% 29
\BOOKMARK [2][-]{subsection.A.3}{\376\377\000R\000e\000t\000r\000i\000e\000v\000a\000l\000\040\000f\000u\000n\000n\000e\000l}{appendix.A}% 30
\BOOKMARK [2][-]{subsection.A.4}{\376\377\000V\000e\000r\000i\000f\000i\000c\000a\000t\000i\000o\000n\000\040\000o\000f\000\040\000t\000h\000e\000\040\000r\000e\000l\000e\000a\000s\000e\000d\000\040\000f\000i\000l\000e\000s}{appendix.A}% 31
\BOOKMARK [1][-]{appendix.B}{\376\377\000A\000n\000n\000o\000t\000a\000t\000i\000o\000n\000\040\000P\000i\000p\000e\000l\000i\000n\000e}{}% 32
\BOOKMARK [1][-]{appendix.C}{\376\377\000H\000u\000m\000a\000n\000\040\000R\000e\000v\000i\000e\000w\000\040\000o\000f\000\040\000t\000h\000e\000\040\000R\000e\000s\000o\000u\000r\000c\000e}{}% 33
\BOOKMARK [2][-]{subsection.C.1}{\376\377\000S\000t\000a\000g\000e\000-\0001\000\040\000d\000o\000c\000u\000m\000e\000n\000t\000-\000v\000e\000r\000d\000i\000c\000t\000\040\000r\000e\000v\000i\000e\000w}{appendix.C}% 34
\BOOKMARK [2][-]{subsection.C.2}{\376\377\000T\000r\000a\000i\000n\000i\000n\000g\000\040\000c\000o\000n\000f\000l\000i\000c\000t\000-\000t\000y\000p\000e\000\040\000r\000e\000v\000i\000e\000w}{appendix.C}% 35
\BOOKMARK [2][-]{subsection.C.3}{\376\377\000B\000e\000n\000c\000h\000m\000a\000r\000k\000\040\000p\000r\000e\000s\000e\000l\000e\000c\000t\000i\000o\000n\000\040\000r\000e\000v\000i\000e\000w}{appendix.C}% 36
\BOOKMARK [2][-]{subsection.C.4}{\376\377\000R\000e\000f\000u\000s\000a\000l\000-\000q\000u\000a\000l\000i\000t\000y\000\040\000v\000a\000l\000i\000d\000a\000t\000i\000o\000n}{appendix.C}% 37
\BOOKMARK [1][-]{appendix.D}{\376\377\000F\000i\000n\000e\000-\000T\000u\000n\000i\000n\000g\000:\000\040\000R\000e\000c\000i\000p\000e\000\040\000C\000h\000r\000o\000n\000o\000l\000o\000g\000y}{}% 38
\BOOKMARK [2][-]{subsection.D.1}{\376\377\000O\000p\000t\000i\000m\000i\000s\000a\000t\000i\000o\000n\000\040\000a\000n\000d\000\040\000c\000h\000e\000c\000k\000p\000o\000i\000n\000t\000\040\000s\000e\000l\000e\000c\000t\000i\000o\000n}{appendix.D}% 39
\BOOKMARK [1][-]{appendix.E}{\376\377\000A\000n\000s\000w\000e\000r\000-\000O\000n\000l\000y\000\040\000S\000u\000p\000e\000r\000v\000i\000s\000i\000o\000n\000\040\000A\000b\000l\000a\000t\000i\000o\000n}{}% 40
\BOOKMARK [2][-]{subsection.E.1}{\376\377\000R\000e\000c\000i\000p\000e}{appendix.E}% 41
\BOOKMARK [2][-]{subsection.E.2}{\376\377\000R\000e\000s\000u\000l\000t\000s}{appendix.E}% 42
\BOOKMARK [1][-]{appendix.F}{\376\377\000I\000n\000f\000e\000r\000e\000n\000c\000e\000\040\000P\000r\000o\000t\000o\000c\000o\000l}{}% 43
\BOOKMARK [2][-]{subsection.F.1}{\376\377\000O\000u\000t\000p\000u\000t\000\040\000l\000e\000n\000g\000t\000h\000\040\000a\000s\000\040\000a\000\040\000c\000o\000s\000t\000\040\000p\000r\000o\000x\000y}{appendix.F}% 44
\BOOKMARK [1][-]{appendix.G}{\376\377\000C\000A\000T\000S\000\040\000S\000p\000e\000c\000i\000f\000i\000c\000a\000t\000i\000o\000n}{}% 45
\BOOKMARK [2][-]{subsection.G.1}{\376\377\000C\000o\000m\000p\000o\000n\000e\000n\000t\000\040\000d\000e\000f\000i\000n\000i\000t\000i\000o\000n\000s}{appendix.G}% 46
\BOOKMARK [2][-]{subsection.G.2}{\376\377\000A\000p\000p\000l\000i\000c\000a\000b\000i\000l\000i\000t\000y\000\040\000a\000n\000d\000\040\000c\000o\000m\000p\000l\000e\000t\000e\000n\000e\000s\000s}{appendix.G}% 47
\BOOKMARK [2][-]{subsection.G.3}{\376\377\000G\000r\000o\000u\000n\000d\000e\000d\000\040\000R\000e\000f\000u\000s\000a\000l}{appendix.G}% 48
\BOOKMARK [2][-]{subsection.G.4}{\376\377\000C\000o\000m\000m\000i\000t\000t\000e\000e\000\040\000v\000o\000t\000i\000n\000g\000\040\000r\000u\000l\000e\000\040\000f\000o\000r\000\040\000B\000A\000\040\000a\000n\000d\000\040\000S\000T\000R}{appendix.G}% 49
\BOOKMARK [2][-]{subsection.G.5}{\376\377\000B\000e\000h\000a\000v\000i\000o\000u\000r\000\040\000A\000d\000h\000e\000r\000e\000n\000c\000e}{appendix.G}% 50
\BOOKMARK [2][-]{subsection.G.6}{\376\377\000F\000a\000c\000t\000u\000a\000l\000\040\000G\000r\000o\000u\000n\000d\000i\000n\000g}{appendix.G}% 51
\BOOKMARK [2][-]{subsection.G.7}{\376\377\000S\000i\000n\000g\000l\000e\000-\000T\000r\000u\000t\000h\000\040\000R\000e\000c\000a\000l\000l}{appendix.G}% 52
\BOOKMARK [2][-]{subsection.G.8}{\376\377\000A\000g\000g\000r\000e\000g\000a\000t\000i\000o\000n\000\040\000a\000n\000d\000\040\000i\000t\000s\000\040\000s\000t\000r\000u\000c\000t\000u\000r\000a\000l\000\040\000p\000r\000o\000p\000e\000r\000t\000i\000e\000s}{appendix.G}% 53
\BOOKMARK [1][-]{appendix.H}{\376\377\000H\000u\000m\000a\000n\000\040\000E\000v\000a\000l\000u\000a\000t\000i\000o\000n\000\040\000S\000t\000u\000d\000y}{}% 54
\BOOKMARK [2][-]{subsection.H.1}{\376\377\000P\000e\000r\000-\000c\000o\000m\000p\000o\000n\000e\000n\000t\000\040\000r\000e\000l\000i\000a\000b\000i\000l\000i\000t\000y}{appendix.H}% 55
\BOOKMARK [1][-]{appendix.I}{\376\377\000C\000i\000t\000a\000t\000i\000o\000n\000\040\000A\000n\000a\000l\000y\000s\000i\000s}{}% 56
\BOOKMARK [1][-]{appendix.J}{\376\377\000B\000o\000u\000n\000d\000i\000n\000g\000\040\000F\000a\000c\000t\000u\000a\000l\000\040\000G\000r\000o\000u\000n\000d\000i\000n\000g}{}% 57
\BOOKMARK [1][-]{appendix.K}{\376\377\000A\000d\000d\000i\000t\000i\000o\000n\000a\000l\000\040\000F\000i\000g\000u\000r\000e\000s\000\040\000a\000n\000d\000\040\000T\000a\000b\000l\000e\000s}{}% 58
\BOOKMARK [2][-]{subsection.K.1}{\376\377\000B\000e\000h\000a\000v\000i\000o\000u\000r\000\040\000A\000d\000h\000e\000r\000e\000n\000c\000e\000\040\000b\000y\000\040\000p\000r\000o\000m\000p\000t\000\040\000c\000o\000n\000d\000i\000t\000i\000o\000n}{appendix.K}% 59
\BOOKMARK [1][-]{appendix.L}{\376\377\000O\000r\000a\000c\000l\000e\000\040\000A\000b\000l\000a\000t\000i\000o\000n\000s\000:\000\040\000F\000u\000l\000l\000\040\000R\000e\000s\000u\000l\000t\000s}{}% 60
\BOOKMARK [2][-]{subsection.L.1}{\376\377\000A\000d\000d\000i\000t\000i\000v\000i\000t\000y\000,\000\040\000e\000x\000c\000e\000p\000t\000i\000o\000n\000s\000\040\000a\000n\000d\000\040\000b\000a\000s\000e\000l\000i\000n\000e\000\040\000b\000e\000h\000a\000v\000i\000o\000u\000r}{appendix.L}% 61
\BOOKMARK [1][-]{appendix.M}{\376\377\000E\000x\000c\000l\000u\000d\000e\000d\000\040\000R\000o\000w\000s\000\040\000a\000n\000d\000\040\000D\000i\000a\000g\000n\000o\000s\000t\000i\000c\000s}{}% 62
\BOOKMARK [1][-]{appendix.N}{\376\377\000R\000e\000l\000e\000a\000s\000e\000d\000\040\000A\000r\000t\000i\000f\000a\000c\000t\000s}{}% 63
\BOOKMARK [1][-]{appendix.O}{\376\377\000E\000n\000d\000-\000t\000o\000-\000E\000n\000d\000\040\000I\000n\000f\000e\000r\000e\000n\000c\000e\000\040\000P\000r\000o\000m\000p\000t\000s}{}% 64
\BOOKMARK [2][-]{subsection.O.1}{\376\377\000W\000h\000y\000\040\000t\000h\000e\000\040\000p\000r\000o\000m\000p\000t\000\040\000i\000s\000\040\000v\000a\000r\000i\000e\000d}{appendix.O}% 65
\BOOKMARK [2][-]{subsection.O.2}{\376\377\000S\000t\000r\000i\000c\000t}{appendix.O}% 66
\BOOKMARK [2][-]{subsection.O.3}{\376\377\000R\000u\000n\000t\000i\000m\000e}{appendix.O}% 67
\BOOKMARK [2][-]{subsection.O.4}{\376\377\000M\000i\000n\000i\000m\000a\000l}{appendix.O}% 68
\BOOKMARK [1][-]{appendix.P}{\376\377\000C\000A\000T\000S\000\040\000J\000u\000d\000g\000e\000\040\000P\000r\000o\000m\000p\000t\000s}{}% 69
\BOOKMARK [2][-]{subsection.P.1}{\376\377\000S\000h\000a\000r\000e\000d\000\040\000s\000y\000s\000t\000e\000m\000\040\000m\000e\000s\000s\000a\000g\000e}{appendix.P}% 70
\BOOKMARK [2][-]{subsection.P.2}{\376\377\000B\000e\000h\000a\000v\000i\000o\000u\000r\000\040\000A\000d\000h\000e\000r\000e\000n\000c\000e}{appendix.P}% 71
\BOOKMARK [2][-]{subsection.P.3}{\376\377\000F\000a\000c\000t\000u\000a\000l\000\040\000G\000r\000o\000u\000n\000d\000i\000n\000g}{appendix.P}% 72
\BOOKMARK [2][-]{subsection.P.4}{\376\377\000S\000i\000n\000g\000l\000e\000-\000T\000r\000u\000t\000h\000\040\000R\000e\000c\000a\000l\000l}{appendix.P}% 73
\BOOKMARK [1][-]{appendix.Q}{\376\377\000C\000o\000m\000p\000l\000e\000t\000e\000\040\000A\000g\000r\000e\000e\000m\000e\000n\000t\000\040\000S\000t\000a\000t\000i\000s\000t\000i\000c\000s}{}% 74
\BOOKMARK [1][-]{appendix.R}{\376\377\000C\000o\000m\000p\000l\000e\000t\000e\000\040\000R\000e\000s\000u\000l\000t\000s\000\040\000M\000a\000t\000r\000i\000x}{}% 75
\BOOKMARK [1][-]{appendix.S}{\376\377\000L\000i\000m\000i\000t\000a\000t\000i\000o\000n\000s\000,\000\040\000E\000x\000p\000a\000n\000d\000e\000d}{}% 76
